python : C:\Users\Tanishka Agrawal\AppData\Local\Packages\PythonSoftwareFoundation.Python.3.11_qbz5n2kfra8p0\LocalCache
\local-packages\Python311\site-packages\pypdf\_crypt_providers\_cryptography.py:32: CryptographyDeprecationWarning: 
ARC4 has been moved to cryptography.hazmat.decrepit.ciphers.algorithms.ARC4 and will be removed from 
cryptography.hazmat.primitives.ciphers.algorithms in 48.0.0.
At line:1 char:1
+ python -m unittest -v test_app > test_output.txt 2>&1
+ ~~~~~~~~~~~~~~~~~~~~~~~~~~~~~~~~~~~~~~~~~~~~~~~~~~~~~
    + CategoryInfo          : NotSpecified: (C:\Users\Tanish...thms in 48.0.0.:String) [], RemoteException
    + FullyQualifiedErrorId : NativeCommandError
 
  from cryptography.hazmat.primitives.ciphers.algorithms import AES, ARC4
test_admin_bypass_and_auto_login (test_app.TestLearningMentorApp.test_admin_bypass_and_auto_login)
Verify admin user 'tanishka253' is auto-created, bypasses limits, and gets free access. ... FAIL
test_authentication_pages (test_app.TestLearningMentorApp.test_authentication_pages)
Verify auth route pages load. ... ok
test_chat_remains_free_after_quiz_and_plan_limits_hit 
(test_app.TestLearningMentorApp.test_chat_remains_free_after_quiz_and_plan_limits_hit)
Verify AI chat does not lock out, while Quiz and Study Plan limit is enforced at 2. ... FAIL
test_database_initialization (test_app.TestLearningMentorApp.test_database_initialization)
Verify that database tables are created correctly. ... ok
test_landing_page_redirect_or_load (test_app.TestLearningMentorApp.test_landing_page_redirect_or_load)
Verify that landing page is online and returns HTTP 200. ... ok
test_quiz_page_shows_paywall_after_two_free_attempts 
(test_app.TestLearningMentorApp.test_quiz_page_shows_paywall_after_two_free_attempts)
Verify the quiz page surfaces a pricing upgrade prompt once the free quota is exceeded. ... FAIL
test_quiz_page_shows_pricing_after_two_free_attempts 
(test_app.TestLearningMentorApp.test_quiz_page_shows_pricing_after_two_free_attempts)
Verify the quiz page exposes pricing only after the second free attempt is used. ... FAIL
test_registration_notification_is_logged (test_app.TestLearningMentorApp.test_registration_notification_is_logged)
Verify that successful registration writes a backend notification entry. ... FAIL
test_subscription_defaults_are_migrated_for_existing_users 
(test_app.TestLearningMentorApp.test_subscription_defaults_are_migrated_for_existing_users)
Verify free-plan defaults are applied automatically for users after migration. ... ok
test_user_flow (test_app.TestLearningMentorApp.test_user_flow)
Verify that registering and logging in creates database records. ... FAIL

======================================================================
FAIL: test_admin_bypass_and_auto_login (test_app.TestLearningMentorApp.test_admin_bypass_and_auto_login)
Verify admin user 'tanishka253' is auto-created, bypasses limits, and gets free access.
----------------------------------------------------------------------
Traceback (most recent call last):
  File "C:\Users\Tanishka Agrawal\Desktop\GenAI Learning Mentor\test_app.py", line 201, in 
test_admin_bypass_and_auto_login
    self.assertIn(b'Dashboard', response.data) # Check for dashboard content
    ^^^^^^^^^^^^^^^^^^^^^^^^^^^^^^^^^^^^^^^^^^
AssertionError: b'Dashboard' not found in b'<!DOCTYPE html>\n<html lang="en" data-theme="dark">\n<head>\n    <meta 
charset="UTF-8">\n    <meta name="viewport" content="width=device-width, initial-scale=1.0">\n    
<title>Authentication - Learnmate AI</title>\n    \n    <!-- Meta tags for SEO -->\n    <meta name="description" 
content="Personalized AI Tutor, custom study schedules, smart notes indexing, quiz evaluations, and analytics 
insights.">\n    <meta name="author" content="Learnmate AI Team">\n    \n    <!-- Core Design Stylesheets -->\n    
<link rel="stylesheet" href="/static/css/style.css">\n    \n    <!-- Lucide Icons CDN -->\n    <script 
src="https://unpkg.com/lucide@latest"></script>\n    \n    <!-- Chart.js CDN (required for Progress Analytics) -->\n   
 <script src="https://cdn.jsdelivr.net/npm/chart.js"></script>\n    \n    \n<style>\n/* Password Strength requirements 
styling */\n.req-passed {\n    color: var(--success) !important;\n}\n.req-failed {\n    color: 
var(--text-muted);\n}\n/* Modal Animations */\n.modal-overlay {\n    opacity: 0;\n    transition: opacity 0.3s 
ease;\n}\n.modal-overlay.show {\n    opacity: 1 !important;\n}\n.modal-overlay.show .modal-content {\n    transform: 
scale(1) !important;\n}\n/* OTP Input Highlight */\n.otp-digit-input {\n    transition: border-color 0.2s, box-shadow 
0.2s, background-color 0.2s;\n}\n.otp-digit-input:focus {\n    border-color: var(--secondary) !important;\n    
box-shadow: 0 0 10px rgba(6, 182, 212, 0.4) !important;\n    background: rgba(255, 255, 255, 0.08) 
!important;\n}\n</style>\n\n</head>\n<body>\n    <div class="app-container">\n        <!-- Sidebar Navigation (Only 
visible when user is authenticated) -->\n        \n        \n        <!-- Main Content Area -->\n        <main 
class="main-viewport" style="margin-left: 0; padding: 0;">\n            \n<div class="auth-page">\n    <div 
class="glass-card auth-card fade-in">\n        <div class="auth-header">\n            <div class="auth-brand">\n       
         <i data-lucide="graduation-cap"></i>\n            </div>\n            <h3 class="auth-title">Learnmate 
AI</h3>\n            <p class="auth-subtitle">Elevating self-directed learning models</p>\n        </div>\n\n        
<!-- Dynamic Success/Error Alerts -->\n        <div id="dynamic-error-container" style="display:none; 
background:rgba(239, 68, 68, 0.15); border-left:3px solid var(--danger); padding:0.75rem 1rem; border-radius:4px; 
margin-bottom:1.5rem; font-size:0.85rem; color:var(--danger)">\n            <strong>Error:</strong> <span 
id="dynamic-error-text"></span>\n        </div>\n        \n        <div id="dynamic-success-container" 
style="display:none; background:rgba(16, 185, 129, 0.15); border-left:3px solid var(--success); padding:0.75rem 1rem; 
border-radius:4px; margin-bottom:1.5rem; font-size:0.85rem; color:var(--success)">\n            
<strong>Success:</strong> <span id="dynamic-success-text"></span>\n        </div>\n\n        \n        <div 
id="server-error-container" style="background:rgba(239, 68, 68, 0.15); border-left:3px solid var(--danger); 
padding:0.75rem 1rem; border-radius:4px; margin-bottom:1.5rem; font-size:0.85rem; color:var(--danger)">\n            
<strong>Error:</strong> Please verify your email or phone first.\n        </div>\n        \n        \n        \n\n     
   <div class="auth-tabs">\n            <div class="auth-tab active" id="login-tab-btn">Log In</div>\n            <div 
class="auth-tab " id="register-tab-btn">Register</div>\n        </div>\n\n        <!-- Login Form -->\n        <form 
action="/login" method="POST" id="login-form" style="display: block;">\n            <div class="form-group">\n         
       <label class="form-label" for="login-username">Username</label>\n                <div style="position: 
relative;">\n                    <i data-lucide="user" style="position: absolute; left: 12px; top: 50%; transform: 
translateY(-50%); width: 18px; height: 18px; color: var(--text-muted);"></i>\n                    <input 
class="form-input" style="padding-left: 2.5rem;" type="text" name="username" id="login-username" required 
placeholder="Enter username...">\n                </div>\n            </div>\n            <div class="form-group">\n   
             <label class="form-label" for="login-password">Password</label>\n                <div style="position: 
relative;">\n                    <i data-lucide="lock" style="position: absolute; left: 12px; top: 50%; transform: 
translateY(-50%); width: 18px; height: 18px; color: var(--text-muted);"></i>\n                    <input 
class="form-input" style="padding-left: 2.5rem;" type="password" name="password" id="login-password" required 
placeholder="Enter password...">\n                </div>\n            </div>\n            <button class="btn 
btn-primary" type="submit" style="width:100%; margin-top:1rem;">\n                <i data-lucide="log-in"></i> Sign 
In\n            </button>\n        </form>\n\n        <!-- Register Form Redesigned -->\n        <form 
id="register-form" style="display: none;" onsubmit="event.preventDefault();">\n            <div class="form-group">\n  
              <label class="form-label" for="register-username">Username</label>\n                <div 
style="position: relative;">\n                    <i data-lucide="user" style="position: absolute; left: 12px; top: 
50%; transform: translateY(-50%); width: 18px; height: 18px; color: var(--text-muted);"></i>\n                    
<input class="form-input" style="padding-left: 2.5rem;" type="text" id="register-username" required 
placeholder="Choose a unique username...">\n                </div>\n            </div>\n            <div 
class="form-group">\n                <label class="form-label" for="register-email">Email Address</label>\n            
    <div style="position: relative;">\n                    <i data-lucide="mail" style="position: absolute; left: 
12px; top: 50%; transform: translateY(-50%); width: 18px; height: 18px; color: var(--text-muted);"></i>\n              
      <input class="form-input" style="padding-left: 2.5rem;" type="email" id="register-email" required 
placeholder="Verify@email.com...">\n                </div>\n            </div>\n            <div class="form-group">\n 
               <label class="form-label" for="register-phone">Mobile Number</label>\n                <div 
style="display: flex; gap: 0.5rem; width: 100%;">\n                    <select id="register-country-code" 
style="width: 100px; padding: 0 0.5rem; background: rgba(255,255,255,0.03); border: 1px solid var(--border-color); 
border-radius: 10px; color: var(--text-primary);" class="form-input">\n                        <option value="+91" 
selected>+91</option>\n                        <option value="+1">+1</option>\n                        <option 
value="+44">+44</option>\n                        <option value="+61">+61</option>\n                        <option 
value="+971">+971</option>\n                    </select>\n                    <input class="form-input" style="flex: 
1;" type="tel" id="register-phone" required placeholder="9876543210" pattern="[0-9]{10}">\n                </div>\n    
        </div>\n            <div class="form-group">\n                <label class="form-label" 
for="register-password">Password</label>\n                <div style="position: relative;">\n                    <i 
data-lucide="lock" style="position: absolute; left: 12px; top: 50%; transform: translateY(-50%); width: 18px; height: 
18px; color: var(--text-muted);"></i>\n                    <input class="form-input" style="padding-left: 2.5rem;" 
type="password" id="register-password" required placeholder="Enter password...">\n                </div>\n             
   \n                <!-- Real-time Password Strength indicator -->\n                <div 
id="password-strength-container" style="margin-top: 0.50rem; font-size: 0.78rem; display: none; flex-direction: 
column; gap: 0.35rem;">\n                    <div style="display: flex; align-items: center; gap: 0.5rem;">\n          
              <span id="strength-meter" style="flex: 1; height: 4px; background: rgba(255,255,255,0.1); border-radius: 
2px; overflow: hidden; display: block; position: relative;">\n                            <span id="strength-bar" 
style="width: 0%; height: 100%; transition: width 0.3s, background-color 0.3s; display: block;"></span>\n              
          </span>\n                        <span id="strength-text" style="color: var(--text-muted); font-weight: 
600;">Weak</span>\n                    </div>\n                    <ul id="password-requirements" style="list-style: 
none; padding-left: 0; display: grid; grid-template-columns: 1fr 1fr; gap: 0.3rem; color: var(--text-muted); 
margin-top: 0.25rem;">\n                        <li id="req-length" class="req-failed"><i data-lucide="circle" 
style="width: 8px; height: 8px; display: inline-block; vertical-align: middle; margin-right: 0.25rem;"></i> Min 8 
characters</li>\n                        <li id="req-upper" class="req-failed"><i data-lucide="circle" style="width: 
8px; height: 8px; display: inline-block; vertical-align: middle; margin-right: 0.25rem;"></i> Uppercase letter</li>\n  
                      <li id="req-lower" class="req-failed"><i data-lucide="circle" style="width: 8px; height: 8px; 
display: inline-block; vertical-align: middle; margin-right: 0.25rem;"></i> Lowercase letter</li>\n                    
    <li id="req-number" class="req-failed"><i data-lucide="circle" style="width: 8px; height: 8px; display: 
inline-block; vertical-align: middle; margin-right: 0.25rem;"></i> One number</li>\n                        <li 
id="req-special" class="req-failed"><i data-lucide="circle" style="width: 8px; height: 8px; display: inline-block; 
vertical-align: middle; margin-right: 0.25rem;"></i> Special symbol</li>\n                    </ul>\n                
</div>\n            </div>\n            \n            <div class="form-group" style="margin-top: 0.5rem; 
margin-bottom: 1.5rem;">\n                <label class="form-label">Verification Method</label>\n                <div 
style="display: flex; gap: 1.5rem; align-items: center; margin-top: 0.25rem;">\n                    <label 
style="display: flex; align-items: center; gap: 0.5rem; cursor: pointer; font-size: 0.85rem; color: 
var(--text-primary);">\n                        <input type="radio" name="verification_method" value="email" checked 
style="accent-color: var(--secondary); cursor: pointer;">\n                        Verify using Email OTP\n            
        </label>\n                    <label style="display: flex; align-items: center; gap: 0.5rem; cursor: pointer; 
font-size: 0.85rem; color: var(--text-primary);">\n                        <input type="radio" 
name="verification_method" value="sms" style="accent-color: var(--secondary); cursor: pointer;">\n                     
   Verify using SMS OTP\n                    </label>\n                </div>\n            </div>\n\n            
<button class="btn btn-primary" type="submit" style="width:100%; background:linear-gradient(135deg, var(--secondary), 
var(--secondary-hover)); box-shadow: 0 4px 15px var(--secondary-glow)">\n                <i 
data-lucide="user-plus"></i> Create Account\n            </button>\n        </form>\n    </div>\n</div>\n\n<!-- OTP 
Modal Overlay -->\n<div id="otp-overlay" class="modal-overlay" style="display: none; position: fixed; top: 0; left: 0; 
width: 100%; height: 100%; background: rgba(15, 23, 42, 0.85); backdrop-filter: blur(12px); z-index: 10000; 
align-items: center; justify-content: center;">\n    <div class="glass-card modal-content" style="width: 90%; 
max-width: 450px; padding: 2.2rem; border: 1px solid rgba(255, 255, 255, 0.08); border-radius: 20px; box-shadow: 0 
20px 50px rgba(0, 0, 0, 0.5); text-align: center; transform: scale(0.9); transition: transform 0.3s ease;">\n        
<div style="background: linear-gradient(135deg, rgba(6,182,212,0.15), rgba(99,102,241,0.15)); width: 64px; height: 
64px; border-radius: 50%; display: flex; align-items: center; justify-content: center; margin: 0 auto 1.5rem auto; 
border: 1.5px solid rgba(99,102,241,0.25);">\n            <i data-lucide="shield-check" style="width: 32px; height: 
32px; color: var(--secondary);"></i>\n        </div>\n        <h3 style="font-size: 1.5rem; margin-bottom: 0.5rem; 
font-weight: 700; color:var(--text-primary);">Verify Your Account</h3>\n        <p style="color: var(--text-muted); 
font-size: 0.9rem; margin-bottom: 1.5rem; line-height: 1.5;">\n            We have sent a 6-digit verification code 
to:<br>\n            <strong id="otp-destination" style="color: var(--text-primary); font-weight: 
600;">your@email.com</strong>\n        </p>\n        \n        <div id="otp-error" style="display: none; background: 
rgba(239, 68, 68, 0.15); border-left: 3px solid var(--danger); padding: 0.6rem; border-radius: 4px; margin-bottom: 
1.2rem; font-size: 0.8rem; color: var(--danger); text-align: left;">\n            <strong>Error:</strong> <span 
id="otp-error-msg"></span>\n        </div>\n        <div id="otp-success" style="display: none; background: rgba(16, 
185, 129, 0.15); border-left: 3px solid var(--success); padding: 0.6rem; border-radius: 4px; margin-bottom: 1.2rem; 
font-size: 0.8rem; color: var(--success); text-align: left;">\n            <strong>Success:</strong> <span 
id="otp-success-msg"></span>\n        </div>\n\n        <form id="otp-form" onsubmit="event.preventDefault();">\n      
      <div style="display: flex; gap: 0.5rem; justify-content: center; margin: 1.5rem 0;">\n                <input 
class="otp-digit-input" type="text" maxlength="1" pattern="[0-9]" inputmode="numeric" required style="width: 44px; 
height: 48px; font-size: 1.4rem; text-align: center; background: rgba(255,255,255,0.03); border: 1.5px solid 
var(--border-color); border-radius: 8px; color: #fff; font-weight: 700; outline: none;">\n                <input 
class="otp-digit-input" type="text" maxlength="1" pattern="[0-9]" inputmode="numeric" required style="width: 44px; 
height: 48px; font-size: 1.4rem; text-align: center; background: rgba(255,255,255,0.03); border: 1.5px solid 
var(--border-color); border-radius: 8px; color: #fff; font-weight: 700; outline: none;">\n                <input 
class="otp-digit-input" type="text" maxlength="1" pattern="[0-9]" inputmode="numeric" required style="width: 44px; 
height: 48px; font-size: 1.4rem; text-align: center; background: rgba(255,255,255,0.03); border: 1.5px solid 
var(--border-color); border-radius: 8px; color: #fff; font-weight: 700; outline: none;">\n                <input 
class="otp-digit-input" type="text" maxlength="1" pattern="[0-9]" inputmode="numeric" required style="width: 44px; 
height: 48px; font-size: 1.4rem; text-align: center; background: rgba(255,255,255,0.03); border: 1.5px solid 
var(--border-color); border-radius: 8px; color: #fff; font-weight: 700; outline: none;">\n                <input 
class="otp-digit-input" type="text" maxlength="1" pattern="[0-9]" inputmode="numeric" required style="width: 44px; 
height: 48px; font-size: 1.4rem; text-align: center; background: rgba(255,255,255,0.03); border: 1.5px solid 
var(--border-color); border-radius: 8px; color: #fff; font-weight: 700; outline: none;">\n                <input 
class="otp-digit-input" type="text" maxlength="1" pattern="[0-9]" inputmode="numeric" required style="width: 44px; 
height: 48px; font-size: 1.4rem; text-align: center; background: rgba(255,255,255,0.03); border: 1.5px solid 
var(--border-color); border-radius: 8px; color: #fff; font-weight: 700; outline: none;">\n            </div>\n\n       
     <button id="verify-otp-btn" class="btn btn-primary" type="button" style="width: 100%; margin-top: 0.5rem; 
margin-bottom: 1.25rem;">\n                Verify OTP\n            </button>\n        </form>\n\n        <div 
style="display: flex; flex-direction: column; gap: 0.6rem; font-size: 0.85rem; margin-top: 0.5rem;">\n            
<div>\n                <button id="resend-otp-btn" style="background: none; border: none; color: var(--secondary); 
cursor: pointer; text-decoration: underline; font-weight: 600; padding: 0;" disabled>\n                    Resend OTP 
(after <span id="resend-timer">30</span>s)\n                </button>\n            </div>\n            <div>\n         
       <button id="change-info-btn" style="background: none; border: none; color: var(--text-muted); cursor: pointer; 
text-decoration: underline; padding: 0;">\n                    Change Email / Phone\n                </button>\n       
     </div>\n        </div>\n    </div>\n</div>\n\n        </main>\n    </div>\n    \n    <!-- Shared App Scripts 
-->\n    <script src="/static/js/app.js"></script>\n    \n<script>\n    
document.addEventListener(\'DOMContentLoaded\', () => {\n        const loginTab = 
document.getElementById(\'login-tab-btn\');\n        const registerTab = 
document.getElementById(\'register-tab-btn\');\n        const loginForm = document.getElementById(\'login-form\');\n   
     const registerForm = document.getElementById(\'register-form\');\n\n        // Toggle authentication tabs\n       
 if (loginTab && registerTab) {\n            loginTab.addEventListener(\'click\', () => {\n                
loginTab.classList.add(\'active\');\n                registerTab.classList.remove(\'active\');\n                
loginForm.style.display = \'block\';\n                registerForm.style.display = \'none\';\n                
clearServerAlerts();\n            });\n\n            registerTab.addEventListener(\'click\', () => {\n                
registerTab.classList.add(\'active\');\n                loginTab.classList.remove(\'active\');\n                
registerForm.style.display = \'block\';\n                loginForm.style.display = \'none\';\n                
clearServerAlerts();\n            });\n        }\n\n        function clearServerAlerts() {\n            const err = 
document.getElementById(\'server-error-container\');\n            const msg = 
document.getElementById(\'server-success-container\');\n            if (err) err.style.display = \'none\';\n           
 if (msg) msg.style.display = \'none\';\n            
document.getElementById(\'dynamic-error-container\').style.display = \'none\';\n            
document.getElementById(\'dynamic-success-container\').style.display = \'none\';\n        }\n\n        // Real-time 
password strength checker\n        const regPassword = document.getElementById(\'register-password\');\n        const 
strengthContainer = document.getElementById(\'password-strength-container\');\n        const strengthBar = 
document.getElementById(\'strength-bar\');\n        const strengthText = document.getElementById(\'strength-text\');\n 
       \n        const reqLength = document.getElementById(\'req-length\');\n        const reqUpper = 
document.getElementById(\'req-upper\');\n        const reqLower = document.getElementById(\'req-lower\');\n        
const reqNumber = document.getElementById(\'req-number\');\n        const reqSpecial = 
document.getElementById(\'req-special\');\n\n        if (regPassword) {\n            
regPassword.addEventListener(\'input\', () => {\n                const val = regPassword.value;\n                if 
(val.length === 0) {\n                    strengthContainer.style.display = \'none\';\n                    return;\n   
             }\n                strengthContainer.style.display = \'flex\';\n                \n                const 
hasLength = val.length >= 8;\n                const hasUpper = /[A-Z]/.test(val);\n                const hasLower = 
/[a-z]/.test(val);\n                const hasNumber = /[0-9]/.test(val);\n                const hasSpecial = 
/[!@#$%^&*(),.?":{}|<>]/.test(val);\n                \n                // Toggle requirement styles\n                
toggleReq(reqLength, hasLength);\n                toggleReq(reqUpper, hasUpper);\n                toggleReq(reqLower, 
hasLower);\n                toggleReq(reqNumber, hasNumber);\n                toggleReq(reqSpecial, hasSpecial);\n     
           \n                let score = 0;\n                if (hasLength) score++;\n                if (hasUpper) 
score++;\n                if (hasLower) score++;\n                if (hasNumber) score++;\n                if 
(hasSpecial) score++;\n                \n                let width = (score / 5) * 100 + \'%\';\n                let 
color = \'#ef4444\';\n                let text = \'Weak\';\n                \n                if (score >= 5) {\n      
              color = \'#10b981\';\n                    text = \'Strong\';\n                } else if (score >= 3) {\n 
                   color = \'#f59e0b\';\n                    text = \'Medium\';\n                }\n                \n 
               strengthBar.style.width = width;\n                strengthBar.style.backgroundColor = color;\n          
      strengthText.textContent = text;\n                strengthText.style.color = color;\n            });\n        
}\n        \n        function toggleReq(el, passed) {\n            if (!el) return;\n            if (passed) {\n       
         el.classList.add(\'req-passed\');\n                el.classList.remove(\'req-failed\');\n                
const icon = el.querySelector(\'i\') || el.querySelector(\'svg\');\n                if (icon) {\n                    
icon.style.color = \'var(--success)\';\n                }\n            } else {\n                
el.classList.remove(\'req-passed\');\n                el.classList.add(\'req-failed\');\n                const icon = 
el.querySelector(\'i\') || el.querySelector(\'svg\');\n                if (icon) {\n                    
icon.style.color = \'\';\n                }\n            }\n        }\n\n        // OTP inputs movement logic\n        
const otpInputs = document.querySelectorAll(\'.otp-digit-input\');\n        otpInputs.forEach((input, index) => {\n    
        input.addEventListener(\'input\', (e) => {\n                const val = input.value;\n                if 
(!/^[0-9]$/.test(val)) {\n                    input.value = \'\';\n                    return;\n                }\n    
            if (index < otpInputs.length - 1) {\n                    otpInputs[index + 1].focus();\n                
}\n            });\n            \n            input.addEventListener(\'keydown\', (e) => {\n                if (e.key 
=== \'Backspace\') {\n                    if (input.value === \'\') {\n                        if (index > 0) {\n      
                      otpInputs[index - 1].focus();\n                            otpInputs[index - 1].value = \'\';\n  
                      }\n                    } else {\n                        input.value = \'\';\n                   
 }\n                }\n            });\n        });\n\n        // Resend Timer logic\n        let timerInterval = 
null;\n        function startResendTimer() {\n            const btn = document.getElementById(\'resend-otp-btn\');\n   
         btn.disabled = true;\n            let count = 30;\n            btn.innerHTML = `Resend OTP (after <span 
id="resend-timer">${count}</span>s)`;\n            \n            if (timerInterval) clearInterval(timerInterval);\n    
        \n            timerInterval = setInterval(() => {\n                count--;\n                if (count <= 0) 
{\n                    clearInterval(timerInterval);\n                    btn.disabled = false;\n                    
btn.innerHTML = \'Resend OTP\';\n                } else {\n                    btn.innerHTML = `Resend OTP (after 
<span id="resend-timer">${count}</span>s)`;\n                }\n            }, 1000);\n        }\n\n        const 
otpOverlay = document.getElementById(\'otp-overlay\');\n        \n        function openOtpModal() {\n            
otpOverlay.style.display = \'flex\';\n            setTimeout(() => {\n                
otpOverlay.classList.add(\'show\');\n                if (otpInputs && otpInputs.length > 0) {\n                    
otpInputs[0].focus();\n                }\n            }, 50);\n        }\n        \n        function closeOtpModal() 
{\n            otpOverlay.classList.remove(\'show\');\n            setTimeout(() => {\n                
otpOverlay.style.display = \'none\';\n            }, 300);\n            if (timerInterval) 
clearInterval(timerInterval);\n        }\n\n        
document.getElementById(\'change-info-btn\').addEventListener(\'click\', () => {\n            closeOtpModal();\n       
 });\n\n        // Registration form submission AJAX\n        registerForm.addEventListener(\'submit\', async (e) => 
{\n            e.preventDefault();\n            clearServerAlerts();\n\n            const username = 
document.getElementById(\'register-username\').value.trim();\n            const email = 
document.getElementById(\'register-email\').value.trim();\n            const countryCode = 
document.getElementById(\'register-country-code\').value;\n            const phoneVal = 
document.getElementById(\'register-phone\').value.trim();\n            const password = regPassword.value;\n           
 const vMethod = document.querySelector(\'input[name="verification_method"]:checked\').value;\n            \n          
  const phone = countryCode + phoneVal;\n\n            // Password strength client checks\n            const hasLength 
= password.length >= 8;\n            const hasUpper = /[A-Z]/.test(password);\n            const hasLower = 
/[a-z]/.test(password);\n            const hasNumber = /[0-9]/.test(password);\n            const hasSpecial = 
/[!@#$%^&*(),.?":{}|<>]/.test(password);\n            if (!(hasLength && hasUpper && hasLower && hasNumber && 
hasSpecial)) {\n                showDynamicError(\'Please fulfill all password requirements.\');\n                
return;\n            }\n\n            const submitBtn = registerForm.querySelector(\'button[type="submit"]\');\n       
     const origBtnHTML = submitBtn.innerHTML;\n            submitBtn.disabled = true;\n            submitBtn.innerHTML 
= \'<i data-lucide="loader" class="spinner"></i> Sending Code...\';\n            if (window.lucide) { 
lucide.createIcons(); }\n\n            try {\n                const resp = await fetch(\'/api/start-register\', {\n    
                method: \'POST\',\n                    headers: { \'Content-Type\': \'application/json\' },\n          
          body: JSON.stringify({\n                        username, email, phone, password, verification_method: 
vMethod\n                    })\n                });\n                const data = await resp.json();\n                
\n                if (resp.ok) {\n                    document.getElementById(\'otp-destination\').textContent = 
data.target;\n                    document.getElementById(\'otp-error\').style.display = \'none\';\n                   
 document.getElementById(\'otp-success\').style.display = \'none\';\n                    \n                    
otpInputs.forEach(input => input.value = \'\');\n                    openOtpModal();\n                    
startResendTimer();\n                } else {\n                    showDynamicError(data.error || \'Registration 
failed.\');\n                }\n            } catch (err) {\n                showDynamicError(\'Network error starting 
registration.\');\n            } finally {\n                submitBtn.disabled = false;\n                
submitBtn.innerHTML = origBtnHTML;\n                if (window.lucide) { lucide.createIcons(); }\n            }\n      
  });\n\n        // Resend OTP Action\n        document.getElementById(\'resend-otp-btn\').addEventListener(\'click\', 
async () => {\n            const btn = document.getElementById(\'resend-otp-btn\');\n            btn.disabled = 
true;\n            \n            try {\n                const resp = await fetch(\'/api/resend-otp\', {\n              
      method: \'POST\',\n                    headers: { \'Content-Type\': \'application/json\' }\n                
});\n                const data = await resp.json();\n                if (resp.ok) {\n                    const 
successDiv = document.getElementById(\'otp-success\');\n                    const successMsg = 
document.getElementById(\'otp-success-msg\');\n                    successDiv.style.display = \'block\';\n             
       successMsg.textContent = data.message;\n                    
document.getElementById(\'otp-error\').style.display = \'none\';\n                    \n                    
document.getElementById(\'otp-destination\').textContent = data.target;\n                    startResendTimer();\n     
           } else {\n                    btn.disabled = false;\n                    const errDiv = 
document.getElementById(\'otp-error\');\n                    const errMsg = 
document.getElementById(\'otp-error-msg\');\n                    errDiv.style.display = \'block\';\n                   
 errMsg.textContent = data.error || \'Failed to resend code.\';\n                }\n            } catch (err) {\n      
          btn.disabled = false;\n                const errDiv = document.getElementById(\'otp-error\');\n              
  const errMsg = document.getElementById(\'otp-error-msg\');\n                errDiv.style.display = \'block\';\n      
          errMsg.textContent = \'Network error resending code.\';\n            }\n        });\n\n        // Verify OTP 
Action\n        document.getElementById(\'verify-otp-btn\').addEventListener(\'click\', async () => {\n            let 
otp = \'\';\n            otpInputs.forEach(input => otp += input.value.trim());\n\n            if (otp.length < 6) {\n 
               const errDiv = document.getElementById(\'otp-error\');\n                const errMsg = 
document.getElementById(\'otp-error-msg\');\n                errDiv.style.display = \'block\';\n                
errMsg.textContent = \'Please enter all 6 digits of the code.\';\n                return;\n            }\n\n           
 const verifyBtn = document.getElementById(\'verify-otp-btn\');\n            verifyBtn.disabled = true;\n            
verifyBtn.textContent = \'Verifying...\';\n\n            try {\n                const resp = await 
fetch(\'/api/verify-otp\', {\n                    method: \'POST\',\n                    headers: { \'Content-Type\': 
\'application/json\' },\n                    body: JSON.stringify({ otp })\n                });\n                const 
data = await resp.json();\n                \n                if (resp.ok) {\n                    closeOtpModal();\n    
                \n                    const successDiv = document.getElementById(\'dynamic-success-container\');\n     
               const successMsg = document.getElementById(\'dynamic-success-text\');\n                    
successDiv.style.display = \'block\';\n                    successMsg.textContent = data.message || \'Account verified 
and created successfully!\';\n                    \n                    // Switch interface to login form\n            
        loginTab.classList.add(\'active\');\n                    registerTab.classList.remove(\'active\');\n           
         loginForm.style.display = \'block\';\n                    registerForm.style.display = \'none\';\n\n          
          // Prefill username\n                    const regUname = 
document.getElementById(\'register-username\').value.trim();\n                    
document.getElementById(\'login-username\').value = regUname;\n                    
document.getElementById(\'login-password\').focus();\n\n                    // Reset form inputs\n                    
document.getElementById(\'register-username\').value = \'\';\n                    
document.getElementById(\'register-email\').value = \'\';\n                    
document.getElementById(\'register-phone\').value = \'\';\n                    
document.getElementById(\'register-password\').value = \'\';\n                    strengthContainer.style.display = 
\'none\';\n                } else {\n                    const errDiv = document.getElementById(\'otp-error\');\n      
              const errMsg = document.getElementById(\'otp-error-msg\');\n                    errDiv.style.display = 
\'block\';\n                    errMsg.textContent = data.error || \'Verification failed.\';\n                }\n      
      } catch (err) {\n                const errDiv = document.getElementById(\'otp-error\');\n                const 
errMsg = document.getElementById(\'otp-error-msg\');\n                errDiv.style.display = \'block\';\n              
  errMsg.textContent = \'Network error verifying code.\';\n            } finally {\n                verifyBtn.disabled 
= false;\n                verifyBtn.textContent = \'Verify OTP\';\n            }\n        });\n\n        function 
showDynamicError(msg) {\n            const errDiv = document.getElementById(\'dynamic-error-container\');\n            
const errMsg = document.getElementById(\'dynamic-error-text\');\n            errDiv.style.display = \'block\';\n       
     errMsg.textContent = msg;\n            errDiv.scrollIntoView({ behavior: \'smooth\', block: \'center\' });\n      
  }\n    });\n</script>\n\n</body>\n</html>'

======================================================================
FAIL: test_chat_remains_free_after_quiz_and_plan_limits_hit 
(test_app.TestLearningMentorApp.test_chat_remains_free_after_quiz_and_plan_limits_hit)
Verify AI chat does not lock out, while Quiz and Study Plan limit is enforced at 2.
----------------------------------------------------------------------
Traceback (most recent call last):
  File "C:\Users\Tanishka Agrawal\Desktop\GenAI Learning Mentor\test_app.py", line 251, in 
test_chat_remains_free_after_quiz_and_plan_limits_hit
    self.assertIsNotNone(user)
AssertionError: unexpectedly None

======================================================================
FAIL: test_quiz_page_shows_paywall_after_two_free_attempts 
(test_app.TestLearningMentorApp.test_quiz_page_shows_paywall_after_two_free_attempts)
Verify the quiz page surfaces a pricing upgrade prompt once the free quota is exceeded.
----------------------------------------------------------------------
Traceback (most recent call last):
  File "C:\Users\Tanishka Agrawal\Desktop\GenAI Learning Mentor\test_app.py", line 85, in 
test_quiz_page_shows_paywall_after_two_free_attempts
    self.assertIsNotNone(user)
AssertionError: unexpectedly None

======================================================================
FAIL: test_quiz_page_shows_pricing_after_two_free_attempts 
(test_app.TestLearningMentorApp.test_quiz_page_shows_pricing_after_two_free_attempts)
Verify the quiz page exposes pricing only after the second free attempt is used.
----------------------------------------------------------------------
Traceback (most recent call last):
  File "C:\Users\Tanishka Agrawal\Desktop\GenAI Learning Mentor\test_app.py", line 117, in 
test_quiz_page_shows_pricing_after_two_free_attempts
    self.assertIsNotNone(user)
AssertionError: unexpectedly None

======================================================================
FAIL: test_registration_notification_is_logged 
(test_app.TestLearningMentorApp.test_registration_notification_is_logged)
Verify that successful registration writes a backend notification entry.
----------------------------------------------------------------------
Traceback (most recent call last):
  File "C:\Users\Tanishka Agrawal\Desktop\GenAI Learning Mentor\test_app.py", line 177, in 
test_registration_notification_is_logged
    self.assertTrue(os.path.exists(log_path), "Registration notification log was not created.")
AssertionError: False is not true : Registration notification log was not created.

======================================================================
FAIL: test_user_flow (test_app.TestLearningMentorApp.test_user_flow)
Verify that registering and logging in creates database records.
----------------------------------------------------------------------
Traceback (most recent call last):
  File "C:\Users\Tanishka Agrawal\Desktop\GenAI Learning Mentor\test_app.py", line 145, in test_user_flow
    self.assertIn(b'Registration successful', response.data)
AssertionError: b'Registration successful' not found in b'<!DOCTYPE html>\n<html lang="en" 
data-theme="dark">\n<head>\n    <meta charset="UTF-8">\n    <meta name="viewport" content="width=device-width, 
initial-scale=1.0">\n    <title>Authentication - Learnmate AI</title>\n    \n    <!-- Meta tags for SEO -->\n    <meta 
name="description" content="Personalized AI Tutor, custom study schedules, smart notes indexing, quiz evaluations, and 
analytics insights.">\n    <meta name="author" content="Learnmate AI Team">\n    \n    <!-- Core Design Stylesheets 
-->\n    <link rel="stylesheet" href="/static/css/style.css">\n    \n    <!-- Lucide Icons CDN -->\n    <script 
src="https://unpkg.com/lucide@latest"></script>\n    \n    <!-- Chart.js CDN (required for Progress Analytics) -->\n   
 <script src="https://cdn.jsdelivr.net/npm/chart.js"></script>\n    \n    \n<style>\n/* Password Strength requirements 
styling */\n.req-passed {\n    color: var(--success) !important;\n}\n.req-failed {\n    color: 
var(--text-muted);\n}\n/* Modal Animations */\n.modal-overlay {\n    opacity: 0;\n    transition: opacity 0.3s 
ease;\n}\n.modal-overlay.show {\n    opacity: 1 !important;\n}\n.modal-overlay.show .modal-content {\n    transform: 
scale(1) !important;\n}\n/* OTP Input Highlight */\n.otp-digit-input {\n    transition: border-color 0.2s, box-shadow 
0.2s, background-color 0.2s;\n}\n.otp-digit-input:focus {\n    border-color: var(--secondary) !important;\n    
box-shadow: 0 0 10px rgba(6, 182, 212, 0.4) !important;\n    background: rgba(255, 255, 255, 0.08) 
!important;\n}\n</style>\n\n</head>\n<body>\n    <div class="app-container">\n        <!-- Sidebar Navigation (Only 
visible when user is authenticated) -->\n        \n        \n        <!-- Main Content Area -->\n        <main 
class="main-viewport" style="margin-left: 0; padding: 0;">\n            \n<div class="auth-page">\n    <div 
class="glass-card auth-card fade-in">\n        <div class="auth-header">\n            <div class="auth-brand">\n       
         <i data-lucide="graduation-cap"></i>\n            </div>\n            <h3 class="auth-title">Learnmate 
AI</h3>\n            <p class="auth-subtitle">Elevating self-directed learning models</p>\n        </div>\n\n        
<!-- Dynamic Success/Error Alerts -->\n        <div id="dynamic-error-container" style="display:none; 
background:rgba(239, 68, 68, 0.15); border-left:3px solid var(--danger); padding:0.75rem 1rem; border-radius:4px; 
margin-bottom:1.5rem; font-size:0.85rem; color:var(--danger)">\n            <strong>Error:</strong> <span 
id="dynamic-error-text"></span>\n        </div>\n        \n        <div id="dynamic-success-container" 
style="display:none; background:rgba(16, 185, 129, 0.15); border-left:3px solid var(--success); padding:0.75rem 1rem; 
border-radius:4px; margin-bottom:1.5rem; font-size:0.85rem; color:var(--success)">\n            
<strong>Success:</strong> <span id="dynamic-success-text"></span>\n        </div>\n\n        \n        <div 
id="server-error-container" style="background:rgba(239, 68, 68, 0.15); border-left:3px solid var(--danger); 
padding:0.75rem 1rem; border-radius:4px; margin-bottom:1.5rem; font-size:0.85rem; color:var(--danger)">\n            
<strong>Error:</strong> Classic registration deprecated. Please use the styled Register form.\n        </div>\n        
\n        \n        \n\n        <div class="auth-tabs">\n            <div class="auth-tab " id="login-tab-btn">Log 
In</div>\n            <div class="auth-tab active" id="register-tab-btn">Register</div>\n        </div>\n\n        
<!-- Login Form -->\n        <form action="/login" method="POST" id="login-form" style="display: none;">\n            
<div class="form-group">\n                <label class="form-label" for="login-username">Username</label>\n            
    <div style="position: relative;">\n                    <i data-lucide="user" style="position: absolute; left: 
12px; top: 50%; transform: translateY(-50%); width: 18px; height: 18px; color: var(--text-muted);"></i>\n              
      <input class="form-input" style="padding-left: 2.5rem;" type="text" name="username" id="login-username" required 
placeholder="Enter username...">\n                </div>\n            </div>\n            <div class="form-group">\n   
             <label class="form-label" for="login-password">Password</label>\n                <div style="position: 
relative;">\n                    <i data-lucide="lock" style="position: absolute; left: 12px; top: 50%; transform: 
translateY(-50%); width: 18px; height: 18px; color: var(--text-muted);"></i>\n                    <input 
class="form-input" style="padding-left: 2.5rem;" type="password" name="password" id="login-password" required 
placeholder="Enter password...">\n                </div>\n            </div>\n            <button class="btn 
btn-primary" type="submit" style="width:100%; margin-top:1rem;">\n                <i data-lucide="log-in"></i> Sign 
In\n            </button>\n        </form>\n\n        <!-- Register Form Redesigned -->\n        <form 
id="register-form" style="display: block;" onsubmit="event.preventDefault();">\n            <div class="form-group">\n 
               <label class="form-label" for="register-username">Username</label>\n                <div 
style="position: relative;">\n                    <i data-lucide="user" style="position: absolute; left: 12px; top: 
50%; transform: translateY(-50%); width: 18px; height: 18px; color: var(--text-muted);"></i>\n                    
<input class="form-input" style="padding-left: 2.5rem;" type="text" id="register-username" required 
placeholder="Choose a unique username...">\n                </div>\n            </div>\n            <div 
class="form-group">\n                <label class="form-label" for="register-email">Email Address</label>\n            
    <div style="position: relative;">\n                    <i data-lucide="mail" style="position: absolute; left: 
12px; top: 50%; transform: translateY(-50%); width: 18px; height: 18px; color: var(--text-muted);"></i>\n              
      <input class="form-input" style="padding-left: 2.5rem;" type="email" id="register-email" required 
placeholder="Verify@email.com...">\n                </div>\n            </div>\n            <div class="form-group">\n 
               <label class="form-label" for="register-phone">Mobile Number</label>\n                <div 
style="display: flex; gap: 0.5rem; width: 100%;">\n                    <select id="register-country-code" 
style="width: 100px; padding: 0 0.5rem; background: rgba(255,255,255,0.03); border: 1px solid var(--border-color); 
border-radius: 10px; color: var(--text-primary);" class="form-input">\n                        <option value="+91" 
selected>+91</option>\n                        <option value="+1">+1</option>\n                        <option 
value="+44">+44</option>\n                        <option value="+61">+61</option>\n                        <option 
value="+971">+971</option>\n                    </select>\n                    <input class="form-input" style="flex: 
1;" type="tel" id="register-phone" required placeholder="9876543210" pattern="[0-9]{10}">\n                </div>\n    
        </div>\n            <div class="form-group">\n                <label class="form-label" 
for="register-password">Password</label>\n                <div style="position: relative;">\n                    <i 
data-lucide="lock" style="position: absolute; left: 12px; top: 50%; transform: translateY(-50%); width: 18px; height: 
18px; color: var(--text-muted);"></i>\n                    <input class="form-input" style="padding-left: 2.5rem;" 
type="password" id="register-password" required placeholder="Enter password...">\n                </div>\n             
   \n                <!-- Real-time Password Strength indicator -->\n                <div 
id="password-strength-container" style="margin-top: 0.50rem; font-size: 0.78rem; display: none; flex-direction: 
column; gap: 0.35rem;">\n                    <div style="display: flex; align-items: center; gap: 0.5rem;">\n          
              <span id="strength-meter" style="flex: 1; height: 4px; background: rgba(255,255,255,0.1); border-radius: 
2px; overflow: hidden; display: block; position: relative;">\n                            <span id="strength-bar" 
style="width: 0%; height: 100%; transition: width 0.3s, background-color 0.3s; display: block;"></span>\n              
          </span>\n                        <span id="strength-text" style="color: var(--text-muted); font-weight: 
600;">Weak</span>\n                    </div>\n                    <ul id="password-requirements" style="list-style: 
none; padding-left: 0; display: grid; grid-template-columns: 1fr 1fr; gap: 0.3rem; color: var(--text-muted); 
margin-top: 0.25rem;">\n                        <li id="req-length" class="req-failed"><i data-lucide="circle" 
style="width: 8px; height: 8px; display: inline-block; vertical-align: middle; margin-right: 0.25rem;"></i> Min 8 
characters</li>\n                        <li id="req-upper" class="req-failed"><i data-lucide="circle" style="width: 
8px; height: 8px; display: inline-block; vertical-align: middle; margin-right: 0.25rem;"></i> Uppercase letter</li>\n  
                      <li id="req-lower" class="req-failed"><i data-lucide="circle" style="width: 8px; height: 8px; 
display: inline-block; vertical-align: middle; margin-right: 0.25rem;"></i> Lowercase letter</li>\n                    
    <li id="req-number" class="req-failed"><i data-lucide="circle" style="width: 8px; height: 8px; display: 
inline-block; vertical-align: middle; margin-right: 0.25rem;"></i> One number</li>\n                        <li 
id="req-special" class="req-failed"><i data-lucide="circle" style="width: 8px; height: 8px; display: inline-block; 
vertical-align: middle; margin-right: 0.25rem;"></i> Special symbol</li>\n                    </ul>\n                
</div>\n            </div>\n            \n            <div class="form-group" style="margin-top: 0.5rem; 
margin-bottom: 1.5rem;">\n                <label class="form-label">Verification Method</label>\n                <div 
style="display: flex; gap: 1.5rem; align-items: center; margin-top: 0.25rem;">\n                    <label 
style="display: flex; align-items: center; gap: 0.5rem; cursor: pointer; font-size: 0.85rem; color: 
var(--text-primary);">\n                        <input type="radio" name="verification_method" value="email" checked 
style="accent-color: var(--secondary); cursor: pointer;">\n                        Verify using Email OTP\n            
        </label>\n                    <label style="display: flex; align-items: center; gap: 0.5rem; cursor: pointer; 
font-size: 0.85rem; color: var(--text-primary);">\n                        <input type="radio" 
name="verification_method" value="sms" style="accent-color: var(--secondary); cursor: pointer;">\n                     
   Verify using SMS OTP\n                    </label>\n                </div>\n            </div>\n\n            
<button class="btn btn-primary" type="submit" style="width:100%; background:linear-gradient(135deg, var(--secondary), 
var(--secondary-hover)); box-shadow: 0 4px 15px var(--secondary-glow)">\n                <i 
data-lucide="user-plus"></i> Create Account\n            </button>\n        </form>\n    </div>\n</div>\n\n<!-- OTP 
Modal Overlay -->\n<div id="otp-overlay" class="modal-overlay" style="display: none; position: fixed; top: 0; left: 0; 
width: 100%; height: 100%; background: rgba(15, 23, 42, 0.85); backdrop-filter: blur(12px); z-index: 10000; 
align-items: center; justify-content: center;">\n    <div class="glass-card modal-content" style="width: 90%; 
max-width: 450px; padding: 2.2rem; border: 1px solid rgba(255, 255, 255, 0.08); border-radius: 20px; box-shadow: 0 
20px 50px rgba(0, 0, 0, 0.5); text-align: center; transform: scale(0.9); transition: transform 0.3s ease;">\n        
<div style="background: linear-gradient(135deg, rgba(6,182,212,0.15), rgba(99,102,241,0.15)); width: 64px; height: 
64px; border-radius: 50%; display: flex; align-items: center; justify-content: center; margin: 0 auto 1.5rem auto; 
border: 1.5px solid rgba(99,102,241,0.25);">\n            <i data-lucide="shield-check" style="width: 32px; height: 
32px; color: var(--secondary);"></i>\n        </div>\n        <h3 style="font-size: 1.5rem; margin-bottom: 0.5rem; 
font-weight: 700; color:var(--text-primary);">Verify Your Account</h3>\n        <p style="color: var(--text-muted); 
font-size: 0.9rem; margin-bottom: 1.5rem; line-height: 1.5;">\n            We have sent a 6-digit verification code 
to:<br>\n            <strong id="otp-destination" style="color: var(--text-primary); font-weight: 
600;">your@email.com</strong>\n        </p>\n        \n        <div id="otp-error" style="display: none; background: 
rgba(239, 68, 68, 0.15); border-left: 3px solid var(--danger); padding: 0.6rem; border-radius: 4px; margin-bottom: 
1.2rem; font-size: 0.8rem; color: var(--danger); text-align: left;">\n            <strong>Error:</strong> <span 
id="otp-error-msg"></span>\n        </div>\n        <div id="otp-success" style="display: none; background: rgba(16, 
185, 129, 0.15); border-left: 3px solid var(--success); padding: 0.6rem; border-radius: 4px; margin-bottom: 1.2rem; 
font-size: 0.8rem; color: var(--success); text-align: left;">\n            <strong>Success:</strong> <span 
id="otp-success-msg"></span>\n        </div>\n\n        <form id="otp-form" onsubmit="event.preventDefault();">\n      
      <div style="display: flex; gap: 0.5rem; justify-content: center; margin: 1.5rem 0;">\n                <input 
class="otp-digit-input" type="text" maxlength="1" pattern="[0-9]" inputmode="numeric" required style="width: 44px; 
height: 48px; font-size: 1.4rem; text-align: center; background: rgba(255,255,255,0.03); border: 1.5px solid 
var(--border-color); border-radius: 8px; color: #fff; font-weight: 700; outline: none;">\n                <input 
class="otp-digit-input" type="text" maxlength="1" pattern="[0-9]" inputmode="numeric" required style="width: 44px; 
height: 48px; font-size: 1.4rem; text-align: center; background: rgba(255,255,255,0.03); border: 1.5px solid 
var(--border-color); border-radius: 8px; color: #fff; font-weight: 700; outline: none;">\n                <input 
class="otp-digit-input" type="text" maxlength="1" pattern="[0-9]" inputmode="numeric" required style="width: 44px; 
height: 48px; font-size: 1.4rem; text-align: center; background: rgba(255,255,255,0.03); border: 1.5px solid 
var(--border-color); border-radius: 8px; color: #fff; font-weight: 700; outline: none;">\n                <input 
class="otp-digit-input" type="text" maxlength="1" pattern="[0-9]" inputmode="numeric" required style="width: 44px; 
height: 48px; font-size: 1.4rem; text-align: center; background: rgba(255,255,255,0.03); border: 1.5px solid 
var(--border-color); border-radius: 8px; color: #fff; font-weight: 700; outline: none;">\n                <input 
class="otp-digit-input" type="text" maxlength="1" pattern="[0-9]" inputmode="numeric" required style="width: 44px; 
height: 48px; font-size: 1.4rem; text-align: center; background: rgba(255,255,255,0.03); border: 1.5px solid 
var(--border-color); border-radius: 8px; color: #fff; font-weight: 700; outline: none;">\n                <input 
class="otp-digit-input" type="text" maxlength="1" pattern="[0-9]" inputmode="numeric" required style="width: 44px; 
height: 48px; font-size: 1.4rem; text-align: center; background: rgba(255,255,255,0.03); border: 1.5px solid 
var(--border-color); border-radius: 8px; color: #fff; font-weight: 700; outline: none;">\n            </div>\n\n       
     <button id="verify-otp-btn" class="btn btn-primary" type="button" style="width: 100%; margin-top: 0.5rem; 
margin-bottom: 1.25rem;">\n                Verify OTP\n            </button>\n        </form>\n\n        <div 
style="display: flex; flex-direction: column; gap: 0.6rem; font-size: 0.85rem; margin-top: 0.5rem;">\n            
<div>\n                <button id="resend-otp-btn" style="background: none; border: none; color: var(--secondary); 
cursor: pointer; text-decoration: underline; font-weight: 600; padding: 0;" disabled>\n                    Resend OTP 
(after <span id="resend-timer">30</span>s)\n                </button>\n            </div>\n            <div>\n         
       <button id="change-info-btn" style="background: none; border: none; color: var(--text-muted); cursor: pointer; 
text-decoration: underline; padding: 0;">\n                    Change Email / Phone\n                </button>\n       
     </div>\n        </div>\n    </div>\n</div>\n\n        </main>\n    </div>\n    \n    <!-- Shared App Scripts 
-->\n    <script src="/static/js/app.js"></script>\n    \n<script>\n    
document.addEventListener(\'DOMContentLoaded\', () => {\n        const loginTab = 
document.getElementById(\'login-tab-btn\');\n        const registerTab = 
document.getElementById(\'register-tab-btn\');\n        const loginForm = document.getElementById(\'login-form\');\n   
     const registerForm = document.getElementById(\'register-form\');\n\n        // Toggle authentication tabs\n       
 if (loginTab && registerTab) {\n            loginTab.addEventListener(\'click\', () => {\n                
loginTab.classList.add(\'active\');\n                registerTab.classList.remove(\'active\');\n                
loginForm.style.display = \'block\';\n                registerForm.style.display = \'none\';\n                
clearServerAlerts();\n            });\n\n            registerTab.addEventListener(\'click\', () => {\n                
registerTab.classList.add(\'active\');\n                loginTab.classList.remove(\'active\');\n                
registerForm.style.display = \'block\';\n                loginForm.style.display = \'none\';\n                
clearServerAlerts();\n            });\n        }\n\n        function clearServerAlerts() {\n            const err = 
document.getElementById(\'server-error-container\');\n            const msg = 
document.getElementById(\'server-success-container\');\n            if (err) err.style.display = \'none\';\n           
 if (msg) msg.style.display = \'none\';\n            
document.getElementById(\'dynamic-error-container\').style.display = \'none\';\n            
document.getElementById(\'dynamic-success-container\').style.display = \'none\';\n        }\n\n        // Real-time 
password strength checker\n        const regPassword = document.getElementById(\'register-password\');\n        const 
strengthContainer = document.getElementById(\'password-strength-container\');\n        const strengthBar = 
document.getElementById(\'strength-bar\');\n        const strengthText = document.getElementById(\'strength-text\');\n 
       \n        const reqLength = document.getElementById(\'req-length\');\n        const reqUpper = 
document.getElementById(\'req-upper\');\n        const reqLower = document.getElementById(\'req-lower\');\n        
const reqNumber = document.getElementById(\'req-number\');\n        const reqSpecial = 
document.getElementById(\'req-special\');\n\n        if (regPassword) {\n            
regPassword.addEventListener(\'input\', () => {\n                const val = regPassword.value;\n                if 
(val.length === 0) {\n                    strengthContainer.style.display = \'none\';\n                    return;\n   
             }\n                strengthContainer.style.display = \'flex\';\n                \n                const 
hasLength = val.length >= 8;\n                const hasUpper = /[A-Z]/.test(val);\n                const hasLower = 
/[a-z]/.test(val);\n                const hasNumber = /[0-9]/.test(val);\n                const hasSpecial = 
/[!@#$%^&*(),.?":{}|<>]/.test(val);\n                \n                // Toggle requirement styles\n                
toggleReq(reqLength, hasLength);\n                toggleReq(reqUpper, hasUpper);\n                toggleReq(reqLower, 
hasLower);\n                toggleReq(reqNumber, hasNumber);\n                toggleReq(reqSpecial, hasSpecial);\n     
           \n                let score = 0;\n                if (hasLength) score++;\n                if (hasUpper) 
score++;\n                if (hasLower) score++;\n                if (hasNumber) score++;\n                if 
(hasSpecial) score++;\n                \n                let width = (score / 5) * 100 + \'%\';\n                let 
color = \'#ef4444\';\n                let text = \'Weak\';\n                \n                if (score >= 5) {\n      
              color = \'#10b981\';\n                    text = \'Strong\';\n                } else if (score >= 3) {\n 
                   color = \'#f59e0b\';\n                    text = \'Medium\';\n                }\n                \n 
               strengthBar.style.width = width;\n                strengthBar.style.backgroundColor = color;\n          
      strengthText.textContent = text;\n                strengthText.style.color = color;\n            });\n        
}\n        \n        function toggleReq(el, passed) {\n            if (!el) return;\n            if (passed) {\n       
         el.classList.add(\'req-passed\');\n                el.classList.remove(\'req-failed\');\n                
const icon = el.querySelector(\'i\') || el.querySelector(\'svg\');\n                if (icon) {\n                    
icon.style.color = \'var(--success)\';\n                }\n            } else {\n                
el.classList.remove(\'req-passed\');\n                el.classList.add(\'req-failed\');\n                const icon = 
el.querySelector(\'i\') || el.querySelector(\'svg\');\n                if (icon) {\n                    
icon.style.color = \'\';\n                }\n            }\n        }\n\n        // OTP inputs movement logic\n        
const otpInputs = document.querySelectorAll(\'.otp-digit-input\');\n        otpInputs.forEach((input, index) => {\n    
        input.addEventListener(\'input\', (e) => {\n                const val = input.value;\n                if 
(!/^[0-9]$/.test(val)) {\n                    input.value = \'\';\n                    return;\n                }\n    
            if (index < otpInputs.length - 1) {\n                    otpInputs[index + 1].focus();\n                
}\n            });\n            \n            input.addEventListener(\'keydown\', (e) => {\n                if (e.key 
=== \'Backspace\') {\n                    if (input.value === \'\') {\n                        if (index > 0) {\n      
                      otpInputs[index - 1].focus();\n                            otpInputs[index - 1].value = \'\';\n  
                      }\n                    } else {\n                        input.value = \'\';\n                   
 }\n                }\n            });\n        });\n\n        // Resend Timer logic\n        let timerInterval = 
null;\n        function startResendTimer() {\n            const btn = document.getElementById(\'resend-otp-btn\');\n   
         btn.disabled = true;\n            let count = 30;\n            btn.innerHTML = `Resend OTP (after <span 
id="resend-timer">${count}</span>s)`;\n            \n            if (timerInterval) clearInterval(timerInterval);\n    
        \n            timerInterval = setInterval(() => {\n                count--;\n                if (count <= 0) 
{\n                    clearInterval(timerInterval);\n                    btn.disabled = false;\n                    
btn.innerHTML = \'Resend OTP\';\n                } else {\n                    btn.innerHTML = `Resend OTP (after 
<span id="resend-timer">${count}</span>s)`;\n                }\n            }, 1000);\n        }\n\n        const 
otpOverlay = document.getElementById(\'otp-overlay\');\n        \n        function openOtpModal() {\n            
otpOverlay.style.display = \'flex\';\n            setTimeout(() => {\n                
otpOverlay.classList.add(\'show\');\n                if (otpInputs && otpInputs.length > 0) {\n                    
otpInputs[0].focus();\n                }\n            }, 50);\n        }\n        \n        function closeOtpModal() 
{\n            otpOverlay.classList.remove(\'show\');\n            setTimeout(() => {\n                
otpOverlay.style.display = \'none\';\n            }, 300);\n            if (timerInterval) 
clearInterval(timerInterval);\n        }\n\n        
document.getElementById(\'change-info-btn\').addEventListener(\'click\', () => {\n            closeOtpModal();\n       
 });\n\n        // Registration form submission AJAX\n        registerForm.addEventListener(\'submit\', async (e) => 
{\n            e.preventDefault();\n            clearServerAlerts();\n\n            const username = 
document.getElementById(\'register-username\').value.trim();\n            const email = 
document.getElementById(\'register-email\').value.trim();\n            const countryCode = 
document.getElementById(\'register-country-code\').value;\n            const phoneVal = 
document.getElementById(\'register-phone\').value.trim();\n            const password = regPassword.value;\n           
 const vMethod = document.querySelector(\'input[name="verification_method"]:checked\').value;\n            \n          
  const phone = countryCode + phoneVal;\n\n            // Password strength client checks\n            const hasLength 
= password.length >= 8;\n            const hasUpper = /[A-Z]/.test(password);\n            const hasLower = 
/[a-z]/.test(password);\n            const hasNumber = /[0-9]/.test(password);\n            const hasSpecial = 
/[!@#$%^&*(),.?":{}|<>]/.test(password);\n            if (!(hasLength && hasUpper && hasLower && hasNumber && 
hasSpecial)) {\n                showDynamicError(\'Please fulfill all password requirements.\');\n                
return;\n            }\n\n            const submitBtn = registerForm.querySelector(\'button[type="submit"]\');\n       
     const origBtnHTML = submitBtn.innerHTML;\n            submitBtn.disabled = true;\n            submitBtn.innerHTML 
= \'<i data-lucide="loader" class="spinner"></i> Sending Code...\';\n            if (window.lucide) { 
lucide.createIcons(); }\n\n            try {\n                const resp = await fetch(\'/api/start-register\', {\n    
                method: \'POST\',\n                    headers: { \'Content-Type\': \'application/json\' },\n          
          body: JSON.stringify({\n                        username, email, phone, password, verification_method: 
vMethod\n                    })\n                });\n                const data = await resp.json();\n                
\n                if (resp.ok) {\n                    document.getElementById(\'otp-destination\').textContent = 
data.target;\n                    document.getElementById(\'otp-error\').style.display = \'none\';\n                   
 document.getElementById(\'otp-success\').style.display = \'none\';\n                    \n                    
otpInputs.forEach(input => input.value = \'\');\n                    openOtpModal();\n                    
startResendTimer();\n                } else {\n                    showDynamicError(data.error || \'Registration 
failed.\');\n                }\n            } catch (err) {\n                showDynamicError(\'Network error starting 
registration.\');\n            } finally {\n                submitBtn.disabled = false;\n                
submitBtn.innerHTML = origBtnHTML;\n                if (window.lucide) { lucide.createIcons(); }\n            }\n      
  });\n\n        // Resend OTP Action\n        document.getElementById(\'resend-otp-btn\').addEventListener(\'click\', 
async () => {\n            const btn = document.getElementById(\'resend-otp-btn\');\n            btn.disabled = 
true;\n            \n            try {\n                const resp = await fetch(\'/api/resend-otp\', {\n              
      method: \'POST\',\n                    headers: { \'Content-Type\': \'application/json\' }\n                
});\n                const data = await resp.json();\n                if (resp.ok) {\n                    const 
successDiv = document.getElementById(\'otp-success\');\n                    const successMsg = 
document.getElementById(\'otp-success-msg\');\n                    successDiv.style.display = \'block\';\n             
       successMsg.textContent = data.message;\n                    
document.getElementById(\'otp-error\').style.display = \'none\';\n                    \n                    
document.getElementById(\'otp-destination\').textContent = data.target;\n                    startResendTimer();\n     
           } else {\n                    btn.disabled = false;\n                    const errDiv = 
document.getElementById(\'otp-error\');\n                    const errMsg = 
document.getElementById(\'otp-error-msg\');\n                    errDiv.style.display = \'block\';\n                   
 errMsg.textContent = data.error || \'Failed to resend code.\';\n                }\n            } catch (err) {\n      
          btn.disabled = false;\n                const errDiv = document.getElementById(\'otp-error\');\n              
  const errMsg = document.getElementById(\'otp-error-msg\');\n                errDiv.style.display = \'block\';\n      
          errMsg.textContent = \'Network error resending code.\';\n            }\n        });\n\n        // Verify OTP 
Action\n        document.getElementById(\'verify-otp-btn\').addEventListener(\'click\', async () => {\n            let 
otp = \'\';\n            otpInputs.forEach(input => otp += input.value.trim());\n\n            if (otp.length < 6) {\n 
               const errDiv = document.getElementById(\'otp-error\');\n                const errMsg = 
document.getElementById(\'otp-error-msg\');\n                errDiv.style.display = \'block\';\n                
errMsg.textContent = \'Please enter all 6 digits of the code.\';\n                return;\n            }\n\n           
 const verifyBtn = document.getElementById(\'verify-otp-btn\');\n            verifyBtn.disabled = true;\n            
verifyBtn.textContent = \'Verifying...\';\n\n            try {\n                const resp = await 
fetch(\'/api/verify-otp\', {\n                    method: \'POST\',\n                    headers: { \'Content-Type\': 
\'application/json\' },\n                    body: JSON.stringify({ otp })\n                });\n                const 
data = await resp.json();\n                \n                if (resp.ok) {\n                    closeOtpModal();\n    
                \n                    const successDiv = document.getElementById(\'dynamic-success-container\');\n     
               const successMsg = document.getElementById(\'dynamic-success-text\');\n                    
successDiv.style.display = \'block\';\n                    successMsg.textContent = data.message || \'Account verified 
and created successfully!\';\n                    \n                    // Switch interface to login form\n            
        loginTab.classList.add(\'active\');\n                    registerTab.classList.remove(\'active\');\n           
         loginForm.style.display = \'block\';\n                    registerForm.style.display = \'none\';\n\n          
          // Prefill username\n                    const regUname = 
document.getElementById(\'register-username\').value.trim();\n                    
document.getElementById(\'login-username\').value = regUname;\n                    
document.getElementById(\'login-password\').focus();\n\n                    // Reset form inputs\n                    
document.getElementById(\'register-username\').value = \'\';\n                    
document.getElementById(\'register-email\').value = \'\';\n                    
document.getElementById(\'register-phone\').value = \'\';\n                    
document.getElementById(\'register-password\').value = \'\';\n                    strengthContainer.style.display = 
\'none\';\n                } else {\n                    const errDiv = document.getElementById(\'otp-error\');\n      
              const errMsg = document.getElementById(\'otp-error-msg\');\n                    errDiv.style.display = 
\'block\';\n                    errMsg.textContent = data.error || \'Verification failed.\';\n                }\n      
      } catch (err) {\n                const errDiv = document.getElementById(\'otp-error\');\n                const 
errMsg = document.getElementById(\'otp-error-msg\');\n                errDiv.style.display = \'block\';\n              
  errMsg.textContent = \'Network error verifying code.\';\n            } finally {\n                verifyBtn.disabled 
= false;\n                verifyBtn.textContent = \'Verify OTP\';\n            }\n        });\n\n        function 
showDynamicError(msg) {\n            const errDiv = document.getElementById(\'dynamic-error-container\');\n            
const errMsg = document.getElementById(\'dynamic-error-text\');\n            errDiv.style.display = \'block\';\n       
     errMsg.textContent = msg;\n            errDiv.scrollIntoView({ behavior: \'smooth\', block: \'center\' });\n      
  }\n    });\n</script>\n\n</body>\n</html>'

----------------------------------------------------------------------
Ran 10 tests in 0.783s

FAILED (failures=6)
[PASS] Auth page validation passed.
Database initialized successfully.
[PASS] Database initialization test passed.
[PASS] Landing page validation passed.
Database initialized successfully.
